Archive member included to satisfy reference by file (symbol)

c:/program files (x86)/atmel/studio/7.0/toolchain/avr8/avr8-gnu-toolchain/bin/../lib/gcc/avr/5.4.0/avr5\libgcc.a(_udivmodhi4.o)
                              HAL/LCD/LCD.o (__udivmodhi4)
c:/program files (x86)/atmel/studio/7.0/toolchain/avr8/avr8-gnu-toolchain/bin/../lib/gcc/avr/5.4.0/avr5\libgcc.a(_divmodhi4.o)
                              HAL/LCD/LCD.o (__divmodhi4)
c:/program files (x86)/atmel/studio/7.0/toolchain/avr8/avr8-gnu-toolchain/bin/../lib/gcc/avr/5.4.0/avr5\libgcc.a(_exit.o)
                              C:/Program Files (x86)/Atmel/Studio/7.0/Packs/atmel/ATmega_DFP/1.6.364/gcc/dev/atmega32/avr5/crtatmega32.o (exit)
c:/program files (x86)/atmel/studio/7.0/toolchain/avr8/avr8-gnu-toolchain/bin/../lib/gcc/avr/5.4.0/avr5\libgcc.a(_copy_data.o)
                              App/main.o (__do_copy_data)
c:/program files (x86)/atmel/studio/7.0/toolchain/avr8/avr8-gnu-toolchain/bin/../lib/gcc/avr/5.4.0/avr5\libgcc.a(_clear_bss.o)
                              App/main.o (__do_clear_bss)
c:/program files (x86)/atmel/studio/7.0/toolchain/avr8/avr8-gnu-toolchain/bin/../lib/gcc/avr/5.4.0/avr5\libgcc.a(_negdi2.o)
                              HAL/LCD/LCD.o (__negdi2)
c:/program files (x86)/atmel/studio/7.0/toolchain/avr8/avr8-gnu-toolchain/bin/../lib/gcc/avr/5.4.0/avr5\libgcc.a(_ashrdi3.o)
                              HAL/LCD/LCD.o (__ashrdi3)
c:/program files (x86)/atmel/studio/7.0/toolchain/avr8/avr8-gnu-toolchain/bin/../lib/gcc/avr/5.4.0/avr5\libgcc.a(_cmpdi2_s8.o)
                              HAL/LCD/LCD.o (__cmpdi2_s8)

Discarded input sections

 .data          0x00000000        0x0 C:/Program Files (x86)/Atmel/Studio/7.0/Packs/atmel/ATmega_DFP/1.6.364/gcc/dev/atmega32/avr5/crtatmega32.o
 .bss           0x00000000        0x0 C:/Program Files (x86)/Atmel/Studio/7.0/Packs/atmel/ATmega_DFP/1.6.364/gcc/dev/atmega32/avr5/crtatmega32.o
 .text          0x00000000        0x0 App/main.o
 .data          0x00000000        0x0 App/main.o
 .bss           0x00000000        0x0 App/main.o
 .bss.key_pressed
                0x00000000        0x1 App/main.o
 .text          0x00000000        0x0 HAL/AC/AC.o
 .data          0x00000000        0x0 HAL/AC/AC.o
 .bss           0x00000000        0x0 HAL/AC/AC.o
 .text          0x00000000        0x0 HAL/AC_LAMP/AC_LAMP.o
 .data          0x00000000        0x0 HAL/AC_LAMP/AC_LAMP.o
 .bss           0x00000000        0x0 HAL/AC_LAMP/AC_LAMP.o
 .text.AC_Lamp_Set_Dimming
                0x00000000        0xa HAL/AC_LAMP/AC_LAMP.o
 .text.delayDimming
                0x00000000       0x16 HAL/AC_LAMP/AC_LAMP.o
 .text          0x00000000        0x0 HAL/BLUETOOTH/BLUETOOTH.o
 .data          0x00000000        0x0 HAL/BLUETOOTH/BLUETOOTH.o
 .bss           0x00000000        0x0 HAL/BLUETOOTH/BLUETOOTH.o
 .text.Bluetooth_Transmit
                0x00000000        0x4 HAL/BLUETOOTH/BLUETOOTH.o
 .text.Bluetooth_TransmitString
                0x00000000        0x4 HAL/BLUETOOTH/BLUETOOTH.o
 .text.BluetoothCheckIfAlpha
                0x00000000       0x14 HAL/BLUETOOTH/BLUETOOTH.o
 .text.Bluetooth_ReceiveString
                0x00000000        0x2 HAL/BLUETOOTH/BLUETOOTH.o
 .text          0x00000000        0x0 HAL/BUZZER/BUZZER.o
 .data          0x00000000        0x0 HAL/BUZZER/BUZZER.o
 .bss           0x00000000        0x0 HAL/BUZZER/BUZZER.o
 .text.Buzzer_TurnOff
                0x00000000        0x8 HAL/BUZZER/BUZZER.o
 .text          0x00000000        0x0 HAL/DOOR/DOOR.o
 .data          0x00000000        0x0 HAL/DOOR/DOOR.o
 .bss           0x00000000        0x0 HAL/DOOR/DOOR.o
 .text          0x00000000        0x0 HAL/KEYPAD/KEYPAD.o
 .data          0x00000000        0x0 HAL/KEYPAD/KEYPAD.o
 .bss           0x00000000        0x0 HAL/KEYPAD/KEYPAD.o
 .text          0x00000000        0x0 HAL/LCD/LCD.o
 .data          0x00000000        0x0 HAL/LCD/LCD.o
 .bss           0x00000000        0x0 HAL/LCD/LCD.o
 .text.LCD_WriteNumber
                0x00000000       0x8e HAL/LCD/LCD.o
 .text.LCD_WriteBinary
                0x00000000       0x5e HAL/LCD/LCD.o
 .text.LCD_WriteHex
                0x00000000      0x196 HAL/LCD/LCD.o
 .text.LCD_WriteNumber_4D
                0x00000000       0x6e HAL/LCD/LCD.o
 .text.LCD_GoToClear
                0x00000000       0x20 HAL/LCD/LCD.o
 .text.LCD_GoToWriteString
                0x00000000       0x14 HAL/LCD/LCD.o
 .text.LCD_Create_Character
                0x00000000       0x38 HAL/LCD/LCD.o
 .text          0x00000000        0x0 HAL/LEDs/LEDs.o
 .data          0x00000000        0x0 HAL/LEDs/LEDs.o
 .bss           0x00000000        0x0 HAL/LEDs/LEDs.o
 .text.LED_vToggle
                0x00000000        0x2 HAL/LEDs/LEDs.o
 .comment       0x00000000       0x31 HAL/LEDs/LEDs.o
 .text          0x00000000        0x0 HAL/LM35/LM35.o
 .data          0x00000000        0x0 HAL/LM35/LM35.o
 .bss           0x00000000        0x0 HAL/LM35/LM35.o
 .text          0x00000000        0x0 MCAL/ADC/ADC.o
 .data          0x00000000        0x0 MCAL/ADC/ADC.o
 .bss           0x00000000        0x0 MCAL/ADC/ADC.o
 .text          0x00000000        0x0 MCAL/DIO/DIO.o
 .data          0x00000000        0x0 MCAL/DIO/DIO.o
 .bss           0x00000000        0x0 MCAL/DIO/DIO.o
 .text.DIO_WritePort
                0x00000000       0x20 MCAL/DIO/DIO.o
 .text.DIO_ReadPort
                0x00000000       0x22 MCAL/DIO/DIO.o
 .text          0x00000000        0x0 MCAL/DIO/DIO_lcfg.o
 .data          0x00000000        0x0 MCAL/DIO/DIO_lcfg.o
 .bss           0x00000000        0x0 MCAL/DIO/DIO_lcfg.o
 .text          0x00000000        0x0 MCAL/EEPROM/EEPROM.o
 .data          0x00000000        0x0 MCAL/EEPROM/EEPROM.o
 .bss           0x00000000        0x0 MCAL/EEPROM/EEPROM.o
 .text.EEPROM_vReadBlockFromAddress
                0x00000000       0x28 MCAL/EEPROM/EEPROM.o
 .text          0x00000000        0x0 MCAL/Ex_INTERRUPT/EX_INTERRUPT.o
 .data          0x00000000        0x0 MCAL/Ex_INTERRUPT/EX_INTERRUPT.o
 .bss           0x00000000        0x0 MCAL/Ex_INTERRUPT/EX_INTERRUPT.o
 .text          0x00000000        0x0 MCAL/G_INTERRUPT/G_INTERRUPT.o
 .data          0x00000000        0x0 MCAL/G_INTERRUPT/G_INTERRUPT.o
 .bss           0x00000000        0x0 MCAL/G_INTERRUPT/G_INTERRUPT.o
 .text          0x00000000        0x0 MCAL/TIMERS/TIMER0/TIMER0.o
 .data          0x00000000        0x0 MCAL/TIMERS/TIMER0/TIMER0.o
 .bss           0x00000000        0x0 MCAL/TIMERS/TIMER0/TIMER0.o
 .text.TIMER0_Init
                0x00000000        0x6 MCAL/TIMERS/TIMER0/TIMER0.o
 .text.TIMER0_Start
                0x00000000        0x8 MCAL/TIMERS/TIMER0/TIMER0.o
 .text.TIMER0_Stop
                0x00000000        0x8 MCAL/TIMERS/TIMER0/TIMER0.o
 .text.TIMER0_SetPreload
                0x00000000        0x4 MCAL/TIMERS/TIMER0/TIMER0.o
 .text.TIMER0_GetPreload
                0x00000000        0x4 MCAL/TIMERS/TIMER0/TIMER0.o
 .text.TIMER0_EnableInterrupt
                0x00000000        0x8 MCAL/TIMERS/TIMER0/TIMER0.o
 .text.TIMER0_DisableInterrupt
                0x00000000        0x8 MCAL/TIMERS/TIMER0/TIMER0.o
 .comment       0x00000000       0x31 MCAL/TIMERS/TIMER0/TIMER0.o
 .text          0x00000000        0x0 MCAL/TIMERS/TIMER1/TIMER1.o
 .data          0x00000000        0x0 MCAL/TIMERS/TIMER1/TIMER1.o
 .bss           0x00000000        0x0 MCAL/TIMERS/TIMER1/TIMER1.o
 .text.TIMER1_Init
                0x00000000        0xe MCAL/TIMERS/TIMER1/TIMER1.o
 .text.TIMER1_Set_ICR
                0x00000000        0x6 MCAL/TIMERS/TIMER1/TIMER1.o
 .text.TIMER1_Set_OCR1A
                0x00000000        0x6 MCAL/TIMERS/TIMER1/TIMER1.o
 .comment       0x00000000       0x31 MCAL/TIMERS/TIMER1/TIMER1.o
 .text          0x00000000        0x0 MCAL/UART/UART.o
 .data          0x00000000        0x0 MCAL/UART/UART.o
 .bss           0x00000000        0x0 MCAL/UART/UART.o
 .text.UART_EnableRX
                0x00000000        0x4 MCAL/UART/UART.o
 .text.UART_DisableRX
                0x00000000        0x4 MCAL/UART/UART.o
 .text.UART_Send
                0x00000000        0x8 MCAL/UART/UART.o
 .text.UART_SendString
                0x00000000       0x2a MCAL/UART/UART.o
 .text          0x00000000        0x0 c:/program files (x86)/atmel/studio/7.0/toolchain/avr8/avr8-gnu-toolchain/bin/../lib/gcc/avr/5.4.0/avr5\libgcc.a(_udivmodhi4.o)
 .data          0x00000000        0x0 c:/program files (x86)/atmel/studio/7.0/toolchain/avr8/avr8-gnu-toolchain/bin/../lib/gcc/avr/5.4.0/avr5\libgcc.a(_udivmodhi4.o)
 .bss           0x00000000        0x0 c:/program files (x86)/atmel/studio/7.0/toolchain/avr8/avr8-gnu-toolchain/bin/../lib/gcc/avr/5.4.0/avr5\libgcc.a(_udivmodhi4.o)
 .text.libgcc.mul
                0x00000000        0x0 c:/program files (x86)/atmel/studio/7.0/toolchain/avr8/avr8-gnu-toolchain/bin/../lib/gcc/avr/5.4.0/avr5\libgcc.a(_udivmodhi4.o)
 .text.libgcc.div
                0x00000000       0x28 c:/program files (x86)/atmel/studio/7.0/toolchain/avr8/avr8-gnu-toolchain/bin/../lib/gcc/avr/5.4.0/avr5\libgcc.a(_udivmodhi4.o)
 .text.libgcc   0x00000000        0x0 c:/program files (x86)/atmel/studio/7.0/toolchain/avr8/avr8-gnu-toolchain/bin/../lib/gcc/avr/5.4.0/avr5\libgcc.a(_udivmodhi4.o)
 .text.libgcc.prologue
                0x00000000        0x0 c:/program files (x86)/atmel/studio/7.0/toolchain/avr8/avr8-gnu-toolchain/bin/../lib/gcc/avr/5.4.0/avr5\libgcc.a(_udivmodhi4.o)
 .text.libgcc.builtins
                0x00000000        0x0 c:/program files (x86)/atmel/studio/7.0/toolchain/avr8/avr8-gnu-toolchain/bin/../lib/gcc/avr/5.4.0/avr5\libgcc.a(_udivmodhi4.o)
 .text.libgcc.fmul
                0x00000000        0x0 c:/program files (x86)/atmel/studio/7.0/toolchain/avr8/avr8-gnu-toolchain/bin/../lib/gcc/avr/5.4.0/avr5\libgcc.a(_udivmodhi4.o)
 .text.libgcc.fixed
                0x00000000        0x0 c:/program files (x86)/atmel/studio/7.0/toolchain/avr8/avr8-gnu-toolchain/bin/../lib/gcc/avr/5.4.0/avr5\libgcc.a(_udivmodhi4.o)
 .text          0x00000000        0x0 c:/program files (x86)/atmel/studio/7.0/toolchain/avr8/avr8-gnu-toolchain/bin/../lib/gcc/avr/5.4.0/avr5\libgcc.a(_divmodhi4.o)
 .data          0x00000000        0x0 c:/program files (x86)/atmel/studio/7.0/toolchain/avr8/avr8-gnu-toolchain/bin/../lib/gcc/avr/5.4.0/avr5\libgcc.a(_divmodhi4.o)
 .bss           0x00000000        0x0 c:/program files (x86)/atmel/studio/7.0/toolchain/avr8/avr8-gnu-toolchain/bin/../lib/gcc/avr/5.4.0/avr5\libgcc.a(_divmodhi4.o)
 .text.libgcc.mul
                0x00000000        0x0 c:/program files (x86)/atmel/studio/7.0/toolchain/avr8/avr8-gnu-toolchain/bin/../lib/gcc/avr/5.4.0/avr5\libgcc.a(_divmodhi4.o)
 .text.libgcc.div
                0x00000000       0x28 c:/program files (x86)/atmel/studio/7.0/toolchain/avr8/avr8-gnu-toolchain/bin/../lib/gcc/avr/5.4.0/avr5\libgcc.a(_divmodhi4.o)
 .text.libgcc   0x00000000        0x0 c:/program files (x86)/atmel/studio/7.0/toolchain/avr8/avr8-gnu-toolchain/bin/../lib/gcc/avr/5.4.0/avr5\libgcc.a(_divmodhi4.o)
 .text.libgcc.prologue
                0x00000000        0x0 c:/program files (x86)/atmel/studio/7.0/toolchain/avr8/avr8-gnu-toolchain/bin/../lib/gcc/avr/5.4.0/avr5\libgcc.a(_divmodhi4.o)
 .text.libgcc.builtins
                0x00000000        0x0 c:/program files (x86)/atmel/studio/7.0/toolchain/avr8/avr8-gnu-toolchain/bin/../lib/gcc/avr/5.4.0/avr5\libgcc.a(_divmodhi4.o)
 .text.libgcc.fmul
                0x00000000        0x0 c:/program files (x86)/atmel/studio/7.0/toolchain/avr8/avr8-gnu-toolchain/bin/../lib/gcc/avr/5.4.0/avr5\libgcc.a(_divmodhi4.o)
 .text.libgcc.fixed
                0x00000000        0x0 c:/program files (x86)/atmel/studio/7.0/toolchain/avr8/avr8-gnu-toolchain/bin/../lib/gcc/avr/5.4.0/avr5\libgcc.a(_divmodhi4.o)
 .text          0x00000000        0x0 c:/program files (x86)/atmel/studio/7.0/toolchain/avr8/avr8-gnu-toolchain/bin/../lib/gcc/avr/5.4.0/avr5\libgcc.a(_exit.o)
 .data          0x00000000        0x0 c:/program files (x86)/atmel/studio/7.0/toolchain/avr8/avr8-gnu-toolchain/bin/../lib/gcc/avr/5.4.0/avr5\libgcc.a(_exit.o)
 .bss           0x00000000        0x0 c:/program files (x86)/atmel/studio/7.0/toolchain/avr8/avr8-gnu-toolchain/bin/../lib/gcc/avr/5.4.0/avr5\libgcc.a(_exit.o)
 .text.libgcc.mul
                0x00000000        0x0 c:/program files (x86)/atmel/studio/7.0/toolchain/avr8/avr8-gnu-toolchain/bin/../lib/gcc/avr/5.4.0/avr5\libgcc.a(_exit.o)
 .text.libgcc.div
                0x00000000        0x0 c:/program files (x86)/atmel/studio/7.0/toolchain/avr8/avr8-gnu-toolchain/bin/../lib/gcc/avr/5.4.0/avr5\libgcc.a(_exit.o)
 .text.libgcc   0x00000000        0x0 c:/program files (x86)/atmel/studio/7.0/toolchain/avr8/avr8-gnu-toolchain/bin/../lib/gcc/avr/5.4.0/avr5\libgcc.a(_exit.o)
 .text.libgcc.prologue
                0x00000000        0x0 c:/program files (x86)/atmel/studio/7.0/toolchain/avr8/avr8-gnu-toolchain/bin/../lib/gcc/avr/5.4.0/avr5\libgcc.a(_exit.o)
 .text.libgcc.builtins
                0x00000000        0x0 c:/program files (x86)/atmel/studio/7.0/toolchain/avr8/avr8-gnu-toolchain/bin/../lib/gcc/avr/5.4.0/avr5\libgcc.a(_exit.o)
 .text.libgcc.fmul
                0x00000000        0x0 c:/program files (x86)/atmel/studio/7.0/toolchain/avr8/avr8-gnu-toolchain/bin/../lib/gcc/avr/5.4.0/avr5\libgcc.a(_exit.o)
 .text.libgcc.fixed
                0x00000000        0x0 c:/program files (x86)/atmel/studio/7.0/toolchain/avr8/avr8-gnu-toolchain/bin/../lib/gcc/avr/5.4.0/avr5\libgcc.a(_exit.o)
 .text          0x00000000        0x0 c:/program files (x86)/atmel/studio/7.0/toolchain/avr8/avr8-gnu-toolchain/bin/../lib/gcc/avr/5.4.0/avr5\libgcc.a(_copy_data.o)
 .data          0x00000000        0x0 c:/program files (x86)/atmel/studio/7.0/toolchain/avr8/avr8-gnu-toolchain/bin/../lib/gcc/avr/5.4.0/avr5\libgcc.a(_copy_data.o)
 .bss           0x00000000        0x0 c:/program files (x86)/atmel/studio/7.0/toolchain/avr8/avr8-gnu-toolchain/bin/../lib/gcc/avr/5.4.0/avr5\libgcc.a(_copy_data.o)
 .text.libgcc.mul
                0x00000000        0x0 c:/program files (x86)/atmel/studio/7.0/toolchain/avr8/avr8-gnu-toolchain/bin/../lib/gcc/avr/5.4.0/avr5\libgcc.a(_copy_data.o)
 .text.libgcc.div
                0x00000000        0x0 c:/program files (x86)/atmel/studio/7.0/toolchain/avr8/avr8-gnu-toolchain/bin/../lib/gcc/avr/5.4.0/avr5\libgcc.a(_copy_data.o)
 .text.libgcc   0x00000000        0x0 c:/program files (x86)/atmel/studio/7.0/toolchain/avr8/avr8-gnu-toolchain/bin/../lib/gcc/avr/5.4.0/avr5\libgcc.a(_copy_data.o)
 .text.libgcc.prologue
                0x00000000        0x0 c:/program files (x86)/atmel/studio/7.0/toolchain/avr8/avr8-gnu-toolchain/bin/../lib/gcc/avr/5.4.0/avr5\libgcc.a(_copy_data.o)
 .text.libgcc.builtins
                0x00000000        0x0 c:/program files (x86)/atmel/studio/7.0/toolchain/avr8/avr8-gnu-toolchain/bin/../lib/gcc/avr/5.4.0/avr5\libgcc.a(_copy_data.o)
 .text.libgcc.fmul
                0x00000000        0x0 c:/program files (x86)/atmel/studio/7.0/toolchain/avr8/avr8-gnu-toolchain/bin/../lib/gcc/avr/5.4.0/avr5\libgcc.a(_copy_data.o)
 .text.libgcc.fixed
                0x00000000        0x0 c:/program files (x86)/atmel/studio/7.0/toolchain/avr8/avr8-gnu-toolchain/bin/../lib/gcc/avr/5.4.0/avr5\libgcc.a(_copy_data.o)
 .text          0x00000000        0x0 c:/program files (x86)/atmel/studio/7.0/toolchain/avr8/avr8-gnu-toolchain/bin/../lib/gcc/avr/5.4.0/avr5\libgcc.a(_clear_bss.o)
 .data          0x00000000        0x0 c:/program files (x86)/atmel/studio/7.0/toolchain/avr8/avr8-gnu-toolchain/bin/../lib/gcc/avr/5.4.0/avr5\libgcc.a(_clear_bss.o)
 .bss           0x00000000        0x0 c:/program files (x86)/atmel/studio/7.0/toolchain/avr8/avr8-gnu-toolchain/bin/../lib/gcc/avr/5.4.0/avr5\libgcc.a(_clear_bss.o)
 .text.libgcc.mul
                0x00000000        0x0 c:/program files (x86)/atmel/studio/7.0/toolchain/avr8/avr8-gnu-toolchain/bin/../lib/gcc/avr/5.4.0/avr5\libgcc.a(_clear_bss.o)
 .text.libgcc.div
                0x00000000        0x0 c:/program files (x86)/atmel/studio/7.0/toolchain/avr8/avr8-gnu-toolchain/bin/../lib/gcc/avr/5.4.0/avr5\libgcc.a(_clear_bss.o)
 .text.libgcc   0x00000000        0x0 c:/program files (x86)/atmel/studio/7.0/toolchain/avr8/avr8-gnu-toolchain/bin/../lib/gcc/avr/5.4.0/avr5\libgcc.a(_clear_bss.o)
 .text.libgcc.prologue
                0x00000000        0x0 c:/program files (x86)/atmel/studio/7.0/toolchain/avr8/avr8-gnu-toolchain/bin/../lib/gcc/avr/5.4.0/avr5\libgcc.a(_clear_bss.o)
 .text.libgcc.builtins
                0x00000000        0x0 c:/program files (x86)/atmel/studio/7.0/toolchain/avr8/avr8-gnu-toolchain/bin/../lib/gcc/avr/5.4.0/avr5\libgcc.a(_clear_bss.o)
 .text.libgcc.fmul
                0x00000000        0x0 c:/program files (x86)/atmel/studio/7.0/toolchain/avr8/avr8-gnu-toolchain/bin/../lib/gcc/avr/5.4.0/avr5\libgcc.a(_clear_bss.o)
 .text.libgcc.fixed
                0x00000000        0x0 c:/program files (x86)/atmel/studio/7.0/toolchain/avr8/avr8-gnu-toolchain/bin/../lib/gcc/avr/5.4.0/avr5\libgcc.a(_clear_bss.o)
 .text          0x00000000        0x0 c:/program files (x86)/atmel/studio/7.0/toolchain/avr8/avr8-gnu-toolchain/bin/../lib/gcc/avr/5.4.0/avr5\libgcc.a(_negdi2.o)
 .data          0x00000000        0x0 c:/program files (x86)/atmel/studio/7.0/toolchain/avr8/avr8-gnu-toolchain/bin/../lib/gcc/avr/5.4.0/avr5\libgcc.a(_negdi2.o)
 .bss           0x00000000        0x0 c:/program files (x86)/atmel/studio/7.0/toolchain/avr8/avr8-gnu-toolchain/bin/../lib/gcc/avr/5.4.0/avr5\libgcc.a(_negdi2.o)
 .text.libgcc.mul
                0x00000000        0x0 c:/program files (x86)/atmel/studio/7.0/toolchain/avr8/avr8-gnu-toolchain/bin/../lib/gcc/avr/5.4.0/avr5\libgcc.a(_negdi2.o)
 .text.libgcc.div
                0x00000000        0x0 c:/program files (x86)/atmel/studio/7.0/toolchain/avr8/avr8-gnu-toolchain/bin/../lib/gcc/avr/5.4.0/avr5\libgcc.a(_negdi2.o)
 .text.libgcc   0x00000000       0x20 c:/program files (x86)/atmel/studio/7.0/toolchain/avr8/avr8-gnu-toolchain/bin/../lib/gcc/avr/5.4.0/avr5\libgcc.a(_negdi2.o)
 .text.libgcc.prologue
                0x00000000        0x0 c:/program files (x86)/atmel/studio/7.0/toolchain/avr8/avr8-gnu-toolchain/bin/../lib/gcc/avr/5.4.0/avr5\libgcc.a(_negdi2.o)
 .text.libgcc.builtins
                0x00000000        0x0 c:/program files (x86)/atmel/studio/7.0/toolchain/avr8/avr8-gnu-toolchain/bin/../lib/gcc/avr/5.4.0/avr5\libgcc.a(_negdi2.o)
 .text.libgcc.fmul
                0x00000000        0x0 c:/program files (x86)/atmel/studio/7.0/toolchain/avr8/avr8-gnu-toolchain/bin/../lib/gcc/avr/5.4.0/avr5\libgcc.a(_negdi2.o)
 .text.libgcc.fixed
                0x00000000        0x0 c:/program files (x86)/atmel/studio/7.0/toolchain/avr8/avr8-gnu-toolchain/bin/../lib/gcc/avr/5.4.0/avr5\libgcc.a(_negdi2.o)
 .text          0x00000000        0x0 c:/program files (x86)/atmel/studio/7.0/toolchain/avr8/avr8-gnu-toolchain/bin/../lib/gcc/avr/5.4.0/avr5\libgcc.a(_ashrdi3.o)
 .data          0x00000000        0x0 c:/program files (x86)/atmel/studio/7.0/toolchain/avr8/avr8-gnu-toolchain/bin/../lib/gcc/avr/5.4.0/avr5\libgcc.a(_ashrdi3.o)
 .bss           0x00000000        0x0 c:/program files (x86)/atmel/studio/7.0/toolchain/avr8/avr8-gnu-toolchain/bin/../lib/gcc/avr/5.4.0/avr5\libgcc.a(_ashrdi3.o)
 .text.libgcc.mul
                0x00000000        0x0 c:/program files (x86)/atmel/studio/7.0/toolchain/avr8/avr8-gnu-toolchain/bin/../lib/gcc/avr/5.4.0/avr5\libgcc.a(_ashrdi3.o)
 .text.libgcc.div
                0x00000000        0x0 c:/program files (x86)/atmel/studio/7.0/toolchain/avr8/avr8-gnu-toolchain/bin/../lib/gcc/avr/5.4.0/avr5\libgcc.a(_ashrdi3.o)
 .text.libgcc   0x00000000        0x0 c:/program files (x86)/atmel/studio/7.0/toolchain/avr8/avr8-gnu-toolchain/bin/../lib/gcc/avr/5.4.0/avr5\libgcc.a(_ashrdi3.o)
 .text.libgcc.prologue
                0x00000000        0x0 c:/program files (x86)/atmel/studio/7.0/toolchain/avr8/avr8-gnu-toolchain/bin/../lib/gcc/avr/5.4.0/avr5\libgcc.a(_ashrdi3.o)
 .text.libgcc.builtins
                0x00000000       0x3c c:/program files (x86)/atmel/studio/7.0/toolchain/avr8/avr8-gnu-toolchain/bin/../lib/gcc/avr/5.4.0/avr5\libgcc.a(_ashrdi3.o)
 .text.libgcc.fmul
                0x00000000        0x0 c:/program files (x86)/atmel/studio/7.0/toolchain/avr8/avr8-gnu-toolchain/bin/../lib/gcc/avr/5.4.0/avr5\libgcc.a(_ashrdi3.o)
 .text.libgcc.fixed
                0x00000000        0x0 c:/program files (x86)/atmel/studio/7.0/toolchain/avr8/avr8-gnu-toolchain/bin/../lib/gcc/avr/5.4.0/avr5\libgcc.a(_ashrdi3.o)
 .text          0x00000000        0x0 c:/program files (x86)/atmel/studio/7.0/toolchain/avr8/avr8-gnu-toolchain/bin/../lib/gcc/avr/5.4.0/avr5\libgcc.a(_cmpdi2_s8.o)
 .data          0x00000000        0x0 c:/program files (x86)/atmel/studio/7.0/toolchain/avr8/avr8-gnu-toolchain/bin/../lib/gcc/avr/5.4.0/avr5\libgcc.a(_cmpdi2_s8.o)
 .bss           0x00000000        0x0 c:/program files (x86)/atmel/studio/7.0/toolchain/avr8/avr8-gnu-toolchain/bin/../lib/gcc/avr/5.4.0/avr5\libgcc.a(_cmpdi2_s8.o)
 .text.libgcc.mul
                0x00000000        0x0 c:/program files (x86)/atmel/studio/7.0/toolchain/avr8/avr8-gnu-toolchain/bin/../lib/gcc/avr/5.4.0/avr5\libgcc.a(_cmpdi2_s8.o)
 .text.libgcc.div
                0x00000000        0x0 c:/program files (x86)/atmel/studio/7.0/toolchain/avr8/avr8-gnu-toolchain/bin/../lib/gcc/avr/5.4.0/avr5\libgcc.a(_cmpdi2_s8.o)
 .text.libgcc   0x00000000       0x18 c:/program files (x86)/atmel/studio/7.0/toolchain/avr8/avr8-gnu-toolchain/bin/../lib/gcc/avr/5.4.0/avr5\libgcc.a(_cmpdi2_s8.o)
 .text.libgcc.prologue
                0x00000000        0x0 c:/program files (x86)/atmel/studio/7.0/toolchain/avr8/avr8-gnu-toolchain/bin/../lib/gcc/avr/5.4.0/avr5\libgcc.a(_cmpdi2_s8.o)
 .text.libgcc.builtins
                0x00000000        0x0 c:/program files (x86)/atmel/studio/7.0/toolchain/avr8/avr8-gnu-toolchain/bin/../lib/gcc/avr/5.4.0/avr5\libgcc.a(_cmpdi2_s8.o)
 .text.libgcc.fmul
                0x00000000        0x0 c:/program files (x86)/atmel/studio/7.0/toolchain/avr8/avr8-gnu-toolchain/bin/../lib/gcc/avr/5.4.0/avr5\libgcc.a(_cmpdi2_s8.o)
 .text.libgcc.fixed
                0x00000000        0x0 c:/program files (x86)/atmel/studio/7.0/toolchain/avr8/avr8-gnu-toolchain/bin/../lib/gcc/avr/5.4.0/avr5\libgcc.a(_cmpdi2_s8.o)

Memory Configuration

Name             Origin             Length             Attributes
text             0x00000000         0x00008000         xr
data             0x00800060         0x00000800         rw !x
eeprom           0x00810000         0x00000400         rw !x
fuse             0x00820000         0x00000002         rw !x
lock             0x00830000         0x00000400         rw !x
signature        0x00840000         0x00000400         rw !x
user_signatures  0x00850000         0x00000400         rw !x
*default*        0x00000000         0xffffffff

Linker script and memory map

LOAD C:/Program Files (x86)/Atmel/Studio/7.0/Packs/atmel/ATmega_DFP/1.6.364/gcc/dev/atmega32/avr5/crtatmega32.o
LOAD App/main.o
LOAD HAL/AC/AC.o
LOAD HAL/AC_LAMP/AC_LAMP.o
LOAD HAL/BLUETOOTH/BLUETOOTH.o
LOAD HAL/BUZZER/BUZZER.o
LOAD HAL/DOOR/DOOR.o
LOAD HAL/KEYPAD/KEYPAD.o
LOAD HAL/LCD/LCD.o
LOAD HAL/LEDs/LEDs.o
LOAD HAL/LM35/LM35.o
LOAD MCAL/ADC/ADC.o
LOAD MCAL/DIO/DIO.o
LOAD MCAL/DIO/DIO_lcfg.o
LOAD MCAL/EEPROM/EEPROM.o
LOAD MCAL/Ex_INTERRUPT/EX_INTERRUPT.o
LOAD MCAL/G_INTERRUPT/G_INTERRUPT.o
LOAD MCAL/TIMERS/TIMER0/TIMER0.o
LOAD MCAL/TIMERS/TIMER1/TIMER1.o
LOAD MCAL/UART/UART.o
START GROUP
LOAD c:/program files (x86)/atmel/studio/7.0/toolchain/avr8/avr8-gnu-toolchain/bin/../lib/gcc/avr/5.4.0/../../../../avr/lib/avr5\libm.a
END GROUP
START GROUP
LOAD c:/program files (x86)/atmel/studio/7.0/toolchain/avr8/avr8-gnu-toolchain/bin/../lib/gcc/avr/5.4.0/avr5\libgcc.a
LOAD c:/program files (x86)/atmel/studio/7.0/toolchain/avr8/avr8-gnu-toolchain/bin/../lib/gcc/avr/5.4.0/../../../../avr/lib/avr5\libm.a
LOAD c:/program files (x86)/atmel/studio/7.0/toolchain/avr8/avr8-gnu-toolchain/bin/../lib/gcc/avr/5.4.0/../../../../avr/lib/avr5\libc.a
LOAD C:/Program Files (x86)/Atmel/Studio/7.0/Packs/atmel/ATmega_DFP/1.6.364/gcc/dev/atmega32/avr5\libatmega32.a
END GROUP
                0x00000000                __TEXT_REGION_ORIGIN__ = DEFINED (__TEXT_REGION_ORIGIN__)?__TEXT_REGION_ORIGIN__:0x0
                [0x00800060]                __DATA_REGION_ORIGIN__ = DEFINED (__DATA_REGION_ORIGIN__)?__DATA_REGION_ORIGIN__:0x800060
                [0x00008000]                __TEXT_REGION_LENGTH__ = DEFINED (__TEXT_REGION_LENGTH__)?__TEXT_REGION_LENGTH__:0x20000
                [0x00000800]                __DATA_REGION_LENGTH__ = DEFINED (__DATA_REGION_LENGTH__)?__DATA_REGION_LENGTH__:0xffa0
                [0x00000400]                __EEPROM_REGION_LENGTH__ = DEFINED (__EEPROM_REGION_LENGTH__)?__EEPROM_REGION_LENGTH__:0x10000
                [0x00000002]                __FUSE_REGION_LENGTH__ = DEFINED (__FUSE_REGION_LENGTH__)?__FUSE_REGION_LENGTH__:0x400
                0x00000400                __LOCK_REGION_LENGTH__ = DEFINED (__LOCK_REGION_LENGTH__)?__LOCK_REGION_LENGTH__:0x400
                0x00000400                __SIGNATURE_REGION_LENGTH__ = DEFINED (__SIGNATURE_REGION_LENGTH__)?__SIGNATURE_REGION_LENGTH__:0x400
                0x00000400                __USER_SIGNATURE_REGION_LENGTH__ = DEFINED (__USER_SIGNATURE_REGION_LENGTH__)?__USER_SIGNATURE_REGION_LENGTH__:0x400

.hash
 *(.hash)

.dynsym
 *(.dynsym)

.dynstr
 *(.dynstr)

.gnu.version
 *(.gnu.version)

.gnu.version_d
 *(.gnu.version_d)

.gnu.version_r
 *(.gnu.version_r)

.rel.init
 *(.rel.init)

.rela.init
 *(.rela.init)

.rel.text
 *(.rel.text)
 *(.rel.text.*)
 *(.rel.gnu.linkonce.t*)

.rela.text
 *(.rela.text)
 *(.rela.text.*)
 *(.rela.gnu.linkonce.t*)

.rel.fini
 *(.rel.fini)

.rela.fini
 *(.rela.fini)

.rel.rodata
 *(.rel.rodata)
 *(.rel.rodata.*)
 *(.rel.gnu.linkonce.r*)

.rela.rodata
 *(.rela.rodata)
 *(.rela.rodata.*)
 *(.rela.gnu.linkonce.r*)

.rel.data
 *(.rel.data)
 *(.rel.data.*)
 *(.rel.gnu.linkonce.d*)

.rela.data
 *(.rela.data)
 *(.rela.data.*)
 *(.rela.gnu.linkonce.d*)

.rel.ctors
 *(.rel.ctors)

.rela.ctors
 *(.rela.ctors)

.rel.dtors
 *(.rel.dtors)

.rela.dtors
 *(.rela.dtors)

.rel.got
 *(.rel.got)

.rela.got
 *(.rela.got)

.rel.bss
 *(.rel.bss)

.rela.bss
 *(.rela.bss)

.rel.plt
 *(.rel.plt)

.rela.plt
 *(.rela.plt)

.text           0x00000000     0x144a
 *(.vectors)
 .vectors       0x00000000       0x54 C:/Program Files (x86)/Atmel/Studio/7.0/Packs/atmel/ATmega_DFP/1.6.364/gcc/dev/atmega32/avr5/crtatmega32.o
                0x00000000                __vector_default
                0x00000000                __vectors
 *(.vectors)
 *(.progmem.gcc*)
                0x00000054                . = ALIGN (0x2)
                0x00000054                __trampolines_start = .
 *(.trampolines)
 .trampolines   0x00000054        0x0 linker stubs
 *(.trampolines*)
                0x00000054                __trampolines_end = .
 *libprintf_flt.a:*(.progmem.data)
 *libc.a:*(.progmem.data)
 *(.progmem*)
                0x00000054                . = ALIGN (0x2)
 *(.jumptables)
 *(.jumptables*)
 *(.lowtext)
 *(.lowtext*)
                0x00000054                __ctors_start = .
 *(.ctors)
                0x00000054                __ctors_end = .
                0x00000054                __dtors_start = .
 *(.dtors)
                0x00000054                __dtors_end = .
 SORT(*)(.ctors)
 SORT(*)(.dtors)
 *(.init0)
 .init0         0x00000054        0x0 C:/Program Files (x86)/Atmel/Studio/7.0/Packs/atmel/ATmega_DFP/1.6.364/gcc/dev/atmega32/avr5/crtatmega32.o
                0x00000054                __init
 *(.init0)
 *(.init1)
 *(.init1)
 *(.init2)
 .init2         0x00000054        0xc C:/Program Files (x86)/Atmel/Studio/7.0/Packs/atmel/ATmega_DFP/1.6.364/gcc/dev/atmega32/avr5/crtatmega32.o
 *(.init2)
 *(.init3)
 *(.init3)
 *(.init4)
 .init4         0x00000060       0x16 c:/program files (x86)/atmel/studio/7.0/toolchain/avr8/avr8-gnu-toolchain/bin/../lib/gcc/avr/5.4.0/avr5\libgcc.a(_copy_data.o)
                0x00000060                __do_copy_data
 .init4         0x00000076       0x10 c:/program files (x86)/atmel/studio/7.0/toolchain/avr8/avr8-gnu-toolchain/bin/../lib/gcc/avr/5.4.0/avr5\libgcc.a(_clear_bss.o)
                0x00000076                __do_clear_bss
 *(.init4)
 *(.init5)
 *(.init5)
 *(.init6)
 *(.init6)
 *(.init7)
 *(.init7)
 *(.init8)
 *(.init8)
 *(.init9)
 .init9         0x00000086        0x8 C:/Program Files (x86)/Atmel/Studio/7.0/Packs/atmel/ATmega_DFP/1.6.364/gcc/dev/atmega32/avr5/crtatmega32.o
 *(.init9)
 *(.text)
 .text          0x0000008e        0x4 C:/Program Files (x86)/Atmel/Studio/7.0/Packs/atmel/ATmega_DFP/1.6.364/gcc/dev/atmega32/avr5/crtatmega32.o
                0x0000008e                __vector_1
                0x0000008e                __vector_12
                0x0000008e                __bad_interrupt
                0x0000008e                __vector_6
                0x0000008e                __vector_3
                0x0000008e                __vector_11
                0x0000008e                __vector_17
                0x0000008e                __vector_19
                0x0000008e                __vector_7
                0x0000008e                __vector_5
                0x0000008e                __vector_4
                0x0000008e                __vector_9
                0x0000008e                __vector_2
                0x0000008e                __vector_15
                0x0000008e                __vector_8
                0x0000008e                __vector_14
                0x0000008e                __vector_10
                0x0000008e                __vector_16
                0x0000008e                __vector_18
                0x0000008e                __vector_20
                0x00000092                . = ALIGN (0x2)
 *(.text.*)
 .text.startup.main
                0x00000092      0x22a App/main.o
                0x00000092                main
 .text.__vector_13
                0x000002bc      0x5b4 App/main.o
                0x000002bc                __vector_13
 .text.AC_TurnOn
                0x00000870        0x8 HAL/AC/AC.o
                0x00000870                AC_TurnOn
 .text.AC_TurnOff
                0x00000878        0x8 HAL/AC/AC.o
                0x00000878                AC_TurnOff
 .text.AC_Lamp_Init
                0x00000880       0x28 HAL/AC_LAMP/AC_LAMP.o
                0x00000880                AC_Lamp_Init
 .text.AC_Lamp_On
                0x000008a8        0x8 HAL/AC_LAMP/AC_LAMP.o
                0x000008a8                AC_Lamp_On
 .text.AC_Lamp_Off
                0x000008b0        0x8 HAL/AC_LAMP/AC_LAMP.o
                0x000008b0                AC_Lamp_Off
 .text.Bluetooth_Init
                0x000008b8        0x4 HAL/BLUETOOTH/BLUETOOTH.o
                0x000008b8                Bluetooth_Init
 .text.Bluetooth_Receive
                0x000008bc        0x4 HAL/BLUETOOTH/BLUETOOTH.o
                0x000008bc                Bluetooth_Receive
 .text.Buzzer_TurnOn
                0x000008c0        0x8 HAL/BUZZER/BUZZER.o
                0x000008c0                Buzzer_TurnOn
 .text.DOOR_Init
                0x000008c8       0x16 HAL/DOOR/DOOR.o
                0x000008c8                DOOR_Init
 .text.DOOR_Open
                0x000008de        0xa HAL/DOOR/DOOR.o
                0x000008de                DOOR_Open
 .text.DOOR_Close
                0x000008e8        0xa HAL/DOOR/DOOR.o
                0x000008e8                DOOR_Close
 .text.KEYPAD_Getkey
                0x000008f2       0x98 HAL/KEYPAD/KEYPAD.o
                0x000008f2                KEYPAD_Getkey
 .text.KEYPAD_Control
                0x0000098a      0x3f2 HAL/KEYPAD/KEYPAD.o
                0x0000098a                KEYPAD_Control
 .text.LCD_WriteCommand
                0x00000d7c       0xc0 HAL/LCD/LCD.o
 .text.LCD_WriteData
                0x00000e3c       0xc0 HAL/LCD/LCD.o
 .text.LCD_Init
                0x00000efc       0x44 HAL/LCD/LCD.o
                0x00000efc                LCD_Init
 .text.LCD_WriteChar
                0x00000f40        0x4 HAL/LCD/LCD.o
                0x00000f40                LCD_WriteChar
 .text.LCD_WriteString
                0x00000f44       0x2c HAL/LCD/LCD.o
                0x00000f44                LCD_WriteString
 .text.LCD_GoTo
                0x00000f70       0x16 HAL/LCD/LCD.o
                0x00000f70                LCD_GoTo
 .text.LCD_Clear
                0x00000f86       0x14 HAL/LCD/LCD.o
                0x00000f86                LCD_Clear
 .text.LM35_Init
                0x00000f9a        0x4 HAL/LM35/LM35.o
                0x00000f9a                LM35_Init
 .text.LM35_Read
                0x00000f9e       0x14 HAL/LM35/LM35.o
                0x00000f9e                LM35_Read
 .text.ADC_Init
                0x00000fb2        0xc MCAL/ADC/ADC.o
                0x00000fb2                ADC_Init
 .text.ADC_Read
                0x00000fbe       0x12 MCAL/ADC/ADC.o
                0x00000fbe                ADC_Read
 .text.DIO_Init
                0x00000fd0      0x1c6 MCAL/DIO/DIO.o
                0x00000fd0                DIO_Init
 .text.DIO_WritePin
                0x00001196      0x102 MCAL/DIO/DIO.o
                0x00001196                DIO_WritePin
 .text.DIO_ReadPin
                0x00001298       0x4c MCAL/DIO/DIO.o
                0x00001298                DIO_ReadPin
 .text.DIO_TogglePin
                0x000012e4       0x6a MCAL/DIO/DIO.o
                0x000012e4                DIO_TogglePin
 .text.EEPROM_ui8ReadByteFromAddress
                0x0000134e        0xe MCAL/EEPROM/EEPROM.o
                0x0000134e                EEPROM_ui8ReadByteFromAddress
 .text.EEPROM_vWriteByteToAddress
                0x0000135c       0x18 MCAL/EEPROM/EEPROM.o
                0x0000135c                EEPROM_vWriteByteToAddress
 .text.EEPROM_vWriteBlockToAddress
                0x00001374       0x34 MCAL/EEPROM/EEPROM.o
                0x00001374                EEPROM_vWriteBlockToAddress
 .text.Ext_Int_Enable
                0x000013a8       0x20 MCAL/Ex_INTERRUPT/EX_INTERRUPT.o
                0x000013a8                Ext_Int_Enable
 .text.Ext_Int_Disable
                0x000013c8       0x20 MCAL/Ex_INTERRUPT/EX_INTERRUPT.o
                0x000013c8                Ext_Int_Disable
 .text.Ext_Int_SC
                0x000013e8       0x3a MCAL/Ex_INTERRUPT/EX_INTERRUPT.o
                0x000013e8                Ext_Int_SC
 .text.Globle_Int_Enable
                0x00001422        0x8 MCAL/G_INTERRUPT/G_INTERRUPT.o
                0x00001422                Globle_Int_Enable
 .text.UART_Init
                0x0000142a       0x10 MCAL/UART/UART.o
                0x0000142a                UART_Init
 .text.UART_Recieve
                0x0000143a        0xc MCAL/UART/UART.o
                0x0000143a                UART_Recieve
                0x00001446                . = ALIGN (0x2)
 *(.fini9)
 .fini9         0x00001446        0x0 c:/program files (x86)/atmel/studio/7.0/toolchain/avr8/avr8-gnu-toolchain/bin/../lib/gcc/avr/5.4.0/avr5\libgcc.a(_exit.o)
                0x00001446                _exit
                0x00001446                exit
 *(.fini9)
 *(.fini8)
 *(.fini8)
 *(.fini7)
 *(.fini7)
 *(.fini6)
 *(.fini6)
 *(.fini5)
 *(.fini5)
 *(.fini4)
 *(.fini4)
 *(.fini3)
 *(.fini3)
 *(.fini2)
 *(.fini2)
 *(.fini1)
 *(.fini1)
 *(.fini0)
 .fini0         0x00001446        0x4 c:/program files (x86)/atmel/studio/7.0/toolchain/avr8/avr8-gnu-toolchain/bin/../lib/gcc/avr/5.4.0/avr5\libgcc.a(_exit.o)
 *(.fini0)
                0x0000144a                _etext = .

.data           0x00800060      0x38e load address 0x0000144a
                0x00800060                PROVIDE (__data_start, .)
 *(.data)
 *(.data*)
 .data.pass     0x00800060        0x5 App/main.o
                0x00800060                pass
 *(.gnu.linkonce.d*)
 *(.rodata)
 *(.rodata*)
 .rodata.str1.1
                0x00800065      0x20a App/main.o
 .rodata.str1.1
                0x0080026f      0x14f HAL/KEYPAD/KEYPAD.o
                                0x1d1 (size before relaxing)
 .rodata.keysArray
                0x008003be       0x10 HAL/KEYPAD/KEYPAD.o
 .rodata.PinsStatusArray
                0x008003ce       0x20 MCAL/DIO/DIO_lcfg.o
                0x008003ce                PinsStatusArray
 *(.gnu.linkonce.r*)
                0x008003ee                . = ALIGN (0x2)
                0x008003ee                _edata = .
                0x008003ee                PROVIDE (__data_end, .)

.bss            0x008003ee        0x7
                0x008003ee                PROVIDE (__bss_start, .)
 *(.bss)
 *(.bss*)
 .bss.LCD_flag_off
                0x008003ee        0x1 App/main.o
                0x008003ee                LCD_flag_off
 .bss.LCD_flag_on
                0x008003ef        0x1 App/main.o
                0x008003ef                LCD_flag_on
 .bss.Keypad_allowed
                0x008003f0        0x1 App/main.o
                0x008003f0                Keypad_allowed
 .bss.TempReading
                0x008003f1        0x2 App/main.o
                0x008003f1                TempReading
 .bss.block_mode_flag
                0x008003f3        0x1 App/main.o
                0x008003f3                block_mode_flag
 .bss.pass_counter
                0x008003f4        0x1 App/main.o
                0x008003f4                pass_counter
 *(COMMON)
                0x008003f5                PROVIDE (__bss_end, .)
                0x0000144a                __data_load_start = LOADADDR (.data)
                0x000017d8                __data_load_end = (__data_load_start + SIZEOF (.data))

.noinit         0x008003f5        0x0
                [!provide]                PROVIDE (__noinit_start, .)
 *(.noinit*)
                [!provide]                PROVIDE (__noinit_end, .)
                0x008003f5                _end = .
                [!provide]                PROVIDE (__heap_start, .)

.eeprom         0x00810000        0x0
 *(.eeprom*)
                0x00810000                __eeprom_end = .

.fuse
 *(.fuse)
 *(.lfuse)
 *(.hfuse)
 *(.efuse)

.lock
 *(.lock*)

.signature
 *(.signature*)

.user_signatures
 *(.user_signatures*)

.stab
 *(.stab)

.stabstr
 *(.stabstr)

.stab.excl
 *(.stab.excl)

.stab.exclstr
 *(.stab.exclstr)

.stab.index
 *(.stab.index)

.stab.indexstr
 *(.stab.indexstr)

.comment        0x00000000       0x30
 *(.comment)
 .comment       0x00000000       0x30 App/main.o
                                 0x31 (size before relaxing)
 .comment       0x00000030       0x31 HAL/AC/AC.o
 .comment       0x00000030       0x31 HAL/AC_LAMP/AC_LAMP.o
 .comment       0x00000030       0x31 HAL/BLUETOOTH/BLUETOOTH.o
 .comment       0x00000030       0x31 HAL/BUZZER/BUZZER.o
 .comment       0x00000030       0x31 HAL/DOOR/DOOR.o
 .comment       0x00000030       0x31 HAL/KEYPAD/KEYPAD.o
 .comment       0x00000030       0x31 HAL/LCD/LCD.o
 .comment       0x00000030       0x31 HAL/LM35/LM35.o
 .comment       0x00000030       0x31 MCAL/ADC/ADC.o
 .comment       0x00000030       0x31 MCAL/DIO/DIO.o
 .comment       0x00000030       0x31 MCAL/DIO/DIO_lcfg.o
 .comment       0x00000030       0x31 MCAL/EEPROM/EEPROM.o
 .comment       0x00000030       0x31 MCAL/Ex_INTERRUPT/EX_INTERRUPT.o
 .comment       0x00000030       0x31 MCAL/G_INTERRUPT/G_INTERRUPT.o
 .comment       0x00000030       0x31 MCAL/UART/UART.o

.note.gnu.avr.deviceinfo
                0x00000000       0x3c
 .note.gnu.avr.deviceinfo
                0x00000000       0x3c C:/Program Files (x86)/Atmel/Studio/7.0/Packs/atmel/ATmega_DFP/1.6.364/gcc/dev/atmega32/avr5/crtatmega32.o

.note.gnu.build-id
 *(.note.gnu.build-id)

.debug
 *(.debug)

.line
 *(.line)

.debug_srcinfo
 *(.debug_srcinfo)

.debug_sfnames
 *(.debug_sfnames)

.debug_aranges
 *(.debug_aranges)

.debug_pubnames
 *(.debug_pubnames)

.debug_info     0x00000000      0x4e6
 *(.debug_info .gnu.linkonce.wi.*)
 .debug_info    0x00000000      0x4e6 C:/Program Files (x86)/Atmel/Studio/7.0/Packs/atmel/ATmega_DFP/1.6.364/gcc/dev/atmega32/avr5/crtatmega32.o

.debug_abbrev   0x00000000      0x4a3
 *(.debug_abbrev)
 .debug_abbrev  0x00000000      0x4a3 C:/Program Files (x86)/Atmel/Studio/7.0/Packs/atmel/ATmega_DFP/1.6.364/gcc/dev/atmega32/avr5/crtatmega32.o

.debug_line     0x00000000      0x116
 *(.debug_line .debug_line.* .debug_line_end)
 .debug_line    0x00000000      0x116 C:/Program Files (x86)/Atmel/Studio/7.0/Packs/atmel/ATmega_DFP/1.6.364/gcc/dev/atmega32/avr5/crtatmega32.o

.debug_frame
 *(.debug_frame)

.debug_str      0x00000000      0x196
 *(.debug_str)
 .debug_str     0x00000000      0x196 C:/Program Files (x86)/Atmel/Studio/7.0/Packs/atmel/ATmega_DFP/1.6.364/gcc/dev/atmega32/avr5/crtatmega32.o

.debug_loc
 *(.debug_loc)

.debug_macinfo
 *(.debug_macinfo)

.debug_weaknames
 *(.debug_weaknames)

.debug_funcnames
 *(.debug_funcnames)

.debug_typenames
 *(.debug_typenames)

.debug_varnames
 *(.debug_varnames)

.debug_pubtypes
 *(.debug_pubtypes)

.debug_ranges
 *(.debug_ranges)

.debug_macro
 *(.debug_macro)
OUTPUT(Smart Home Project.elf elf32-avr)
LOAD linker stubs
